src/components/AccessibilityPanel.tsx(8,46): error TS6133: 'onClose' is declared but its value is never read.
src/components/AIAgent.tsx(2,13): error TS6133: 'Phone' is declared but its value is never read.
src/components/AIAgent.tsx(2,20): error TS6133: 'Shield' is declared but its value is never read.
src/components/AIAgent.tsx(2,28): error TS6133: 'User' is declared but its value is never read.
src/components/AIAgent.tsx(2,34): error TS6133: 'Stethoscope' is declared but its value is never read.
src/components/AIAgent.tsx(2,75): error TS6133: 'Globe' is declared but its value is never read.
src/components/AIAgent.tsx(54,33): error TS2304: Cannot find name 'SpeechRecognition'.
src/components/AIAgent.tsx(203,34): error TS2552: Cannot find name 'SpeechRecognitionEvent'. Did you mean 'SpeechRecognitionResult'?
src/components/DietPlanning.tsx(2,10): error TS6133: 'Salad' is declared but its value is never read.
src/components/DietPlanning.tsx(2,37): error TS6133: 'Apple' is declared but its value is never read.
src/components/PrescriptionUpload.tsx(2,28): error TS6133: 'Search' is declared but its value is never read.
src/components/QRScanner.tsx(3,21): error TS6133: 'FileText' is declared but its value is never read.
src/components/Recorder.tsx(2,15): error TS6133: 'MicOff' is declared but its value is never read.
src/utils/tokenUtils.ts(62,46): error TS6133: 'rawPhone' is declared but its value is never read.
